#-----------------------------------------------------------
# Vivado v2024.2 (64-bit)
# SW Build 5239630 on Fri Nov 08 22:35:27 MST 2024
# IP Build 5239520 on Sun Nov 10 16:12:51 MST 2024
# SharedData Build 5239561 on Fri Nov 08 14:39:27 MST 2024
# Start of session at: Wed Feb 26 16:40:30 2025
# Process ID         : 21024
# Current directory  : C:/Users/jl972/Desktop/HDL/Snake_V2
# Command line       : vivado.exe -gui_launcher_event rodinguilauncherevent5048 C:\Users\jl972\Desktop\HDL\Snake_V2\Snake.xpr
# Log file           : C:/Users/jl972/Desktop/HDL/Snake_V2/vivado.log
# Journal file       : C:/Users/jl972/Desktop/HDL/Snake_V2\vivado.jou
# Running On         : JACKS_LAPTOP_4
# Platform           : Windows Server 2016 or Windows 10
# Operating System   : 26100
# Processor Detail   : Intel(R) Core(TM) Ultra 7 155H
# CPU Frequency      : 2995 MHz
# CPU Physical cores : 16
# CPU Logical cores  : 22
# Host memory        : 33832 MB
# Swap memory        : 2147 MB
# Total Virtual      : 35979 MB
# Available Virtual  : 26772 MB
#-----------------------------------------------------------
start_gui
open_project C:/Users/jl972/Desktop/HDL/Snake_V2/Snake.xpr
upgrade_project -migrate_output_products
report_ip_status -name ip_status 
update_compile_order -fileset sources_1
report_ip_status -name ip_status 
upgrade_ip [get_ips  {display_block_clk_wiz_0_0 display_block_blk_mem_gen_0_0}] -log ip_upgrade.log
export_ip_user_files -of_objects [get_ips {display_block_clk_wiz_0_0 display_block_blk_mem_gen_0_0}] -no_script -sync -force -quiet
update_module_reference [get_ips  {display_block_cell_array_ag_wraper_0_0 display_block_direction_decider_0_0}]
generate_target all [get_files  C:/Users/jl972/Desktop/HDL/Snake_V2/Snake.srcs/sources_1/bd/display_block/display_block.bd]
catch { config_ip_cache -export [get_ips -all display_block_clk_wiz_0_0] }
catch { config_ip_cache -export [get_ips -all display_block_blk_mem_gen_0_0] }
export_ip_user_files -of_objects [get_files C:/Users/jl972/Desktop/HDL/Snake_V2/Snake.srcs/sources_1/bd/display_block/display_block.bd] -no_script -sync -force -quiet
create_ip_run [get_files -of_objects [get_fileset sources_1] C:/Users/jl972/Desktop/HDL/Snake_V2/Snake.srcs/sources_1/bd/display_block/display_block.bd]
launch_runs display_block_blk_mem_gen_0_0_synth_1 display_block_cell_array_ag_wraper_0_0_synth_1 display_block_clk_wiz_0_0_synth_1 display_block_direction_decider_0_0_synth_1 -jobs 11
wait_on_run display_block_blk_mem_gen_0_0_synth_1
wait_on_run display_block_cell_array_ag_wraper_0_0_synth_1
wait_on_run display_block_clk_wiz_0_0_synth_1
wait_on_run display_block_direction_decider_0_0_synth_1
export_simulation -lib_map_path [list {modelsim=C:/Users/jl972/Desktop/HDL/Snake_V2/Snake.cache/compile_simlib/modelsim} {questa=C:/Users/jl972/Desktop/HDL/Snake_V2/Snake.cache/compile_simlib/questa} {riviera=C:/Users/jl972/Desktop/HDL/Snake_V2/Snake.cache/compile_simlib/riviera} {activehdl=C:/Users/jl972/Desktop/HDL/Snake_V2/Snake.cache/compile_simlib/activehdl}] -of_objects [get_files C:/Users/jl972/Desktop/HDL/Snake_V2/Snake.srcs/sources_1/bd/display_block/display_block.bd] -directory C:/Users/jl972/Desktop/HDL/Snake_V2/Snake.ip_user_files/sim_scripts -ip_user_files_dir C:/Users/jl972/Desktop/HDL/Snake_V2/Snake.ip_user_files -ipstatic_source_dir C:/Users/jl972/Desktop/HDL/Snake_V2/Snake.ip_user_files/ipstatic -use_ip_compiled_libs -force -quiet
reset_run synth_1
launch_runs impl_1 -to_step write_bitstream -jobs 11
wait_on_run impl_1
open_run impl_1
reset_run synth_1
launch_runs impl_1 -to_step write_bitstream -jobs 11
wait_on_run impl_1
close_design
open_hw_manager
connect_hw_server -allow_non_jtag
open_hw_target
set_property PROGRAM.FILE {C:/Users/jl972/Desktop/HDL/Snake_V2/Snake.runs/impl_1/display_block_wrapper.bit} [get_hw_devices xc7a35t_0]
current_hw_device [get_hw_devices xc7a35t_0]
refresh_hw_device -update_hw_probes false [lindex [get_hw_devices xc7a35t_0] 0]
set_property PROBES.FILE {} [get_hw_devices xc7a35t_0]
set_property FULL_PROBES.FILE {} [get_hw_devices xc7a35t_0]
set_property PROGRAM.FILE {C:/Users/jl972/Desktop/HDL/Snake_V2/Snake.runs/impl_1/display_block_wrapper.bit} [get_hw_devices xc7a35t_0]
program_hw_devices [get_hw_devices xc7a35t_0]
refresh_hw_device [lindex [get_hw_devices xc7a35t_0] 0]
close_hw_manager
apply_bd_automation -rule xilinx.com:bd_rule:board -config { Manual_Source {New External Port (ACTIVE_HIGH)}}  [get_bd_pins clk_wiz_0/reset]
save_bd_design
create_bd_port -dir O -from 3 -to 0 LED
delete_bd_objs [get_bd_ports LED]
create_bd_port -dir O -from 2 -to 0 LED
set_property location {2013 612} [get_bd_ports LED]
set_property location {-358 321} [get_bd_ports LED]
connect_bd_net [get_bd_ports LED] [get_bd_ports sw]
save_bd_design
reset_run synth_1
launch_runs impl_1 -to_step write_bitstream -jobs 11
wait_on_run impl_1
open_run impl_1
close_design
delete_bd_objs [get_bd_ports LED]
create_bd_port -dir I -from 2 -to 0 led
undo
undo
redo
create_bd_port -dir O -from 2 -to 0 led
set_property location {-250 328} [get_bd_ports led]
set_property location {-196 330} [get_bd_ports led]
connect_bd_net [get_bd_ports led] [get_bd_ports sw]
save_bd_design
set_property location {1989 358} [get_bd_ports Hsync]
set_property location {1994 267} [get_bd_ports reset_led]
reset_run synth_1
launch_runs impl_1 -to_step write_bitstream -jobs 11
wait_on_run impl_1
reset_run synth_1
startgroup
set_property -dict [list \
  CONFIG.CLKOUT1_JITTER {498.922} \
  CONFIG.CLKOUT1_PHASE_ERROR {578.639} \
  CONFIG.CLKOUT1_REQUESTED_OUT_FREQ {85.86} \
  CONFIG.CLKOUT1_REQUESTED_PHASE {6} \
  CONFIG.JITTER_SEL {Min_O_Jitter} \
  CONFIG.MMCM_BANDWIDTH {HIGH} \
  CONFIG.MMCM_CLKFBOUT_MULT_F {52.375} \
  CONFIG.MMCM_CLKOUT0_DIVIDE_F {7.625} \
  CONFIG.MMCM_CLKOUT0_PHASE {5.902} \
  CONFIG.MMCM_DIVCLK_DIVIDE {8} \
] [get_bd_cells clk_wiz_0]
endgroup
save_bd_design
startgroup
set_property -dict [list \
  CONFIG.RESET_PORT {resetn} \
  CONFIG.RESET_TYPE {ACTIVE_LOW} \
] [get_bd_cells clk_wiz_0]
delete_bd_objs [get_bd_nets reset_rtl_0_1]
endgroup
delete_bd_objs [get_bd_ports reset_rtl_0]
connect_bd_net [get_bd_ports reset] [get_bd_pins clk_wiz_0/resetn]
disconnect_bd_net /clk_wiz_0_locked [get_bd_pins direction_decider_0/reset]
connect_bd_net [get_bd_ports reset] [get_bd_pins direction_decider_0/reset]
disconnect_bd_net /clk_wiz_0_locked [get_bd_pins memory_mapper_0/reset]
connect_bd_net [get_bd_ports reset] [get_bd_pins memory_mapper_0/reset]
disconnect_bd_net /clk_wiz_0_locked [get_bd_pins VGA_output_0/reset]
connect_bd_net [get_bd_ports reset] [get_bd_pins VGA_output_0/reset]
save_bd_design
reset_run display_block_clk_wiz_0_0_synth_1
launch_runs impl_1 -to_step write_bitstream -jobs 11
wait_on_run impl_1
open_hw_manager
connect_hw_server -allow_non_jtag
open_hw_target
set_property PROGRAM.FILE {C:/Users/jl972/Desktop/HDL/Snake_V2/Snake.runs/impl_1/display_block_wrapper.bit} [get_hw_devices xc7a35t_0]
current_hw_device [get_hw_devices xc7a35t_0]
refresh_hw_device -update_hw_probes false [lindex [get_hw_devices xc7a35t_0] 0]
set_property PROBES.FILE {} [get_hw_devices xc7a35t_0]
set_property FULL_PROBES.FILE {} [get_hw_devices xc7a35t_0]
set_property PROGRAM.FILE {C:/Users/jl972/Desktop/HDL/Snake_V2/Snake.runs/impl_1/display_block_wrapper.bit} [get_hw_devices xc7a35t_0]
program_hw_devices [get_hw_devices xc7a35t_0]
refresh_hw_device [lindex [get_hw_devices xc7a35t_0] 0]
close_hw_manager
startgroup
set_property -dict [list \
  CONFIG.Coe_File {c:/Users/jl972/Desktop/HDL/Snake_V2/Snake.srcs/images/memory_config_all_ordered.COE} \
  CONFIG.Fill_Remaining_Memory_Locations {true} \
] [get_bd_cells blk_mem_gen_0]
endgroup
save_bd_design
reset_run synth_1
reset_run display_block_blk_mem_gen_0_0_synth_1
launch_runs impl_1 -to_step write_bitstream -jobs 11
wait_on_run impl_1
open_hw_manager
connect_hw_server -allow_non_jtag
open_hw_target
set_property PROGRAM.FILE {C:/Users/jl972/Desktop/HDL/Snake_V2/Snake.runs/impl_1/display_block_wrapper.bit} [get_hw_devices xc7a35t_0]
current_hw_device [get_hw_devices xc7a35t_0]
refresh_hw_device -update_hw_probes false [lindex [get_hw_devices xc7a35t_0] 0]
set_property PROBES.FILE {} [get_hw_devices xc7a35t_0]
set_property FULL_PROBES.FILE {} [get_hw_devices xc7a35t_0]
set_property PROGRAM.FILE {C:/Users/jl972/Desktop/HDL/Snake_V2/Snake.runs/impl_1/display_block_wrapper.bit} [get_hw_devices xc7a35t_0]
program_hw_devices [get_hw_devices xc7a35t_0]
refresh_hw_device [lindex [get_hw_devices xc7a35t_0] 0]
close_hw_manager
