#-----------------------------------------------------------
# Vivado v2024.2 (64-bit)
# SW Build 5239630 on Fri Nov 08 22:35:27 MST 2024
# IP Build 5239520 on Sun Nov 10 16:12:51 MST 2024
# SharedData Build 5239561 on Fri Nov 08 14:39:27 MST 2024
# Start of session at: Mon Mar  3 08:48:33 2025
# Process ID         : 2936
# Current directory  : C:/Users/jl972/Desktop/HDL/Snake_V3
# Command line       : vivado.exe -gui_launcher_event rodinguilauncherevent9624 C:\Users\jl972\Desktop\HDL\Snake_V3\Snake.xpr
# Log file           : C:/Users/jl972/Desktop/HDL/Snake_V3/vivado.log
# Journal file       : C:/Users/jl972/Desktop/HDL/Snake_V3\vivado.jou
# Running On         : JACKS_LAPTOP_4
# Platform           : Windows Server 2016 or Windows 10
# Operating System   : 26100
# Processor Detail   : Intel(R) Core(TM) Ultra 7 155H
# CPU Frequency      : 2995 MHz
# CPU Physical cores : 16
# CPU Logical cores  : 22
# Host memory        : 33832 MB
# Swap memory        : 2147 MB
# Total Virtual      : 35979 MB
# Available Virtual  : 22021 MB
#-----------------------------------------------------------
start_gui
open_project C:/Users/jl972/Desktop/HDL/Snake_V3/Snake.xpr
update_compile_order -fileset sources_1
open_bd_design {C:/Users/jl972/Desktop/HDL/Snake_V3/Snake.srcs/sources_1/bd/display_block/display_block.bd}
report_ip_status -name ip_status 
update_module_reference [get_ips  display_block_VGA_output_0_1]
report_ip_status -name ip_status 
delete_bd_objs [get_bd_nets VGA_output_0_X]
delete_bd_objs [get_bd_nets VGA_output_0_Y]
connect_bd_net [get_bd_pins VGA_output_0/X_ahead] [get_bd_pins memory_mapper_0/X]
connect_bd_net [get_bd_pins VGA_output_0/Y_ahead] [get_bd_pins memory_mapper_0/Y]
save_bd_design
report_ip_status -name ip_status 
update_module_reference [get_ips  display_block_memory_mapper_0_0]
report_ip_status -name ip_status 
disconnect_bd_net /blk_mem_gen_0_douta [get_bd_ports JC]
disconnect_bd_net /memory_mapper_0_adress [get_bd_ports JB]
set_property location {1999 231} [get_bd_ports JB]
connect_bd_net [get_bd_ports JB] [get_bd_pins cell_array_ag_wraper_0/LFSR_stop]
connect_bd_net [get_bd_ports JC] [get_bd_pins apple_setter_0/state]
save_bd_design
reset_run synth_1
launch_runs impl_1 -to_step write_bitstream -jobs 22
wait_on_run impl_1
open_run impl_1
open_hw_manager
connect_hw_server -allow_non_jtag
open_hw_target
set_property PROGRAM.FILE {C:/Users/jl972/Desktop/HDL/Snake_V3/Snake.runs/impl_1/display_block_wrapper.bit} [get_hw_devices xc7a35t_0]
current_hw_device [get_hw_devices xc7a35t_0]
refresh_hw_device -update_hw_probes false [lindex [get_hw_devices xc7a35t_0] 0]
set_property PROBES.FILE {} [get_hw_devices xc7a35t_0]
set_property FULL_PROBES.FILE {} [get_hw_devices xc7a35t_0]
set_property PROGRAM.FILE {C:/Users/jl972/Desktop/HDL/Snake_V3/Snake.runs/impl_1/display_block_wrapper.bit} [get_hw_devices xc7a35t_0]
program_hw_devices [get_hw_devices xc7a35t_0]
refresh_hw_device [lindex [get_hw_devices xc7a35t_0] 0]
report_ip_status -name ip_status 
update_module_reference [get_ips  display_block_VGA_output_0_1]
set_property synth_checkpoint_mode Hierarchical [get_files  C:/Users/jl972/Desktop/HDL/Snake_V3/Snake.srcs/sources_1/bd/display_block/display_block.bd]
generate_target all [get_files  C:/Users/jl972/Desktop/HDL/Snake_V3/Snake.srcs/sources_1/bd/display_block/display_block.bd]
catch { config_ip_cache -export [get_ips -all display_block_clk_wiz_0_0] }
catch { config_ip_cache -export [get_ips -all display_block_blk_mem_gen_0_0] }
export_ip_user_files -of_objects [get_files C:/Users/jl972/Desktop/HDL/Snake_V3/Snake.srcs/sources_1/bd/display_block/display_block.bd] -no_script -sync -force -quiet
create_ip_run [get_files -of_objects [get_fileset sources_1] C:/Users/jl972/Desktop/HDL/Snake_V3/Snake.srcs/sources_1/bd/display_block/display_block.bd]
launch_runs display_block_VGA_output_0_1_synth_1 display_block_apple_setter_0_0_synth_1 display_block_blk_mem_gen_0_0_synth_1 display_block_cell_array_ag_wraper_0_0_synth_1 display_block_direction_decider_0_0_synth_1 display_block_length_state_machine_0_0_synth_1 display_block_memory_mapper_0_0_synth_1 display_block_snake_increment_0_0_synth_1 -jobs 22
wait_on_run display_block_VGA_output_0_1_synth_1
wait_on_run display_block_apple_setter_0_0_synth_1
wait_on_run display_block_blk_mem_gen_0_0_synth_1
wait_on_run display_block_cell_array_ag_wraper_0_0_synth_1
wait_on_run display_block_direction_decider_0_0_synth_1
wait_on_run display_block_length_state_machine_0_0_synth_1
wait_on_run display_block_memory_mapper_0_0_synth_1
wait_on_run display_block_snake_increment_0_0_synth_1
export_simulation -lib_map_path [list {modelsim=C:/Users/jl972/Desktop/HDL/Snake_V3/Snake.cache/compile_simlib/modelsim} {questa=C:/Users/jl972/Desktop/HDL/Snake_V3/Snake.cache/compile_simlib/questa} {riviera=C:/Users/jl972/Desktop/HDL/Snake_V3/Snake.cache/compile_simlib/riviera} {activehdl=C:/Users/jl972/Desktop/HDL/Snake_V3/Snake.cache/compile_simlib/activehdl}] -of_objects [get_files C:/Users/jl972/Desktop/HDL/Snake_V3/Snake.srcs/sources_1/bd/display_block/display_block.bd] -directory C:/Users/jl972/Desktop/HDL/Snake_V3/Snake.ip_user_files/sim_scripts -ip_user_files_dir C:/Users/jl972/Desktop/HDL/Snake_V3/Snake.ip_user_files -ipstatic_source_dir C:/Users/jl972/Desktop/HDL/Snake_V3/Snake.ip_user_files/ipstatic -use_ip_compiled_libs -force -quiet
reset_run synth_1
reset_run display_block_length_state_machine_0_0_synth_1
reset_run display_block_apple_setter_0_0_synth_1
launch_runs impl_1 -to_step write_bitstream -jobs 22
wait_on_run impl_1
disconnect_hw_server localhost:3121
connect_hw_server -allow_non_jtag
disconnect_hw_server localhost:3121
connect_hw_server -allow_non_jtag
disconnect_hw_server localhost:3121
connect_hw_server -allow_non_jtag
open_hw_target
set_property PROGRAM.FILE {C:/Users/jl972/Desktop/HDL/Snake_V3/Snake.runs/impl_1/display_block_wrapper.bit} [get_hw_devices xc7a35t_0]
current_hw_device [get_hw_devices xc7a35t_0]
refresh_hw_device -update_hw_probes false [lindex [get_hw_devices xc7a35t_0] 0]
set_property PROBES.FILE {} [get_hw_devices xc7a35t_0]
set_property FULL_PROBES.FILE {} [get_hw_devices xc7a35t_0]
set_property PROGRAM.FILE {C:/Users/jl972/Desktop/HDL/Snake_V3/Snake.runs/impl_1/display_block_wrapper.bit} [get_hw_devices xc7a35t_0]
program_hw_devices [get_hw_devices xc7a35t_0]
refresh_hw_device [lindex [get_hw_devices xc7a35t_0] 0]
report_ip_status -name ip_status 
report_ip_status -name ip_status 
update_module_reference [get_ips  display_block_VGA_output_0_1]
report_ip_status -name ip_status 
report_ip_status -name ip_status 
update_module_reference [get_ips  display_block_VGA_output_0_1]
report_ip_status -name ip_status 
connect_bd_net [get_bd_pins VGA_output_0/X] [get_bd_pins memory_mapper_0/X]
connect_bd_net [get_bd_pins VGA_output_0/X] [get_bd_pins memory_mapper_0/Y]
undo
connect_bd_net [get_bd_pins VGA_output_0/Y] [get_bd_pins memory_mapper_0/Y]
save_bd_design
reset_run synth_1
launch_runs impl_1 -to_step write_bitstream -jobs 22
wait_on_run impl_1
set_property PROBES.FILE {} [get_hw_devices xc7a35t_0]
set_property FULL_PROBES.FILE {} [get_hw_devices xc7a35t_0]
set_property PROGRAM.FILE {C:/Users/jl972/Desktop/HDL/Snake_V3/Snake.runs/impl_1/display_block_wrapper.bit} [get_hw_devices xc7a35t_0]
program_hw_devices [get_hw_devices xc7a35t_0]
refresh_hw_device [lindex [get_hw_devices xc7a35t_0] 0]
close_hw_manager
close_design
report_ip_status -name ip_status 
update_module_reference [get_ips  display_block_apple_setter_0_0]
report_ip_status -name ip_status 
reset_run impl_1 -prev_step 
launch_runs impl_1 -to_step write_bitstream -jobs 22
reset_run synth_1
launch_runs impl_1 -to_step write_bitstream -jobs 22
wait_on_run impl_1
open_hw_manager
connect_hw_server -allow_non_jtag
open_hw_target
set_property PROGRAM.FILE {C:/Users/jl972/Desktop/HDL/Snake_V3/Snake.runs/impl_1/display_block_wrapper.bit} [get_hw_devices xc7a35t_0]
current_hw_device [get_hw_devices xc7a35t_0]
refresh_hw_device -update_hw_probes false [lindex [get_hw_devices xc7a35t_0] 0]
set_property PROBES.FILE {} [get_hw_devices xc7a35t_0]
set_property FULL_PROBES.FILE {} [get_hw_devices xc7a35t_0]
set_property PROGRAM.FILE {C:/Users/jl972/Desktop/HDL/Snake_V3/Snake.runs/impl_1/display_block_wrapper.bit} [get_hw_devices xc7a35t_0]
program_hw_devices [get_hw_devices xc7a35t_0]
refresh_hw_device [lindex [get_hw_devices xc7a35t_0] 0]
close_hw_manager
disconnect_bd_net /cell_array_ag_wraper_0_LFSR_stop [get_bd_ports JB]
delete_bd_objs [get_bd_nets apple_setter_0_state]
startgroup
create_bd_cell -type ip -vlnv xilinx.com:ip:xlconstant:1.1 xlconstant_0
endgroup
startgroup
create_bd_cell -type ip -vlnv xilinx.com:ip:xlconstant:1.1 xlconstant_1
endgroup
set_property location {5 1818 278} [get_bd_cells xlconstant_0]
delete_bd_objs [get_bd_ports JB]
delete_bd_objs [get_bd_ports JC]
delete_bd_objs [get_bd_cells xlconstant_0]
delete_bd_objs [get_bd_cells xlconstant_1]
save_bd_design
report_ip_status -name ip_status 
reset_run synth_1
launch_runs impl_1 -to_step write_bitstream -jobs 22
wait_on_run impl_1
open_hw_manager
connect_hw_server -allow_non_jtag
open_hw_target
set_property PROGRAM.FILE {C:/Users/jl972/Desktop/HDL/Snake_V3/Snake.runs/impl_1/display_block_wrapper.bit} [get_hw_devices xc7a35t_0]
current_hw_device [get_hw_devices xc7a35t_0]
refresh_hw_device -update_hw_probes false [lindex [get_hw_devices xc7a35t_0] 0]
set_property PROBES.FILE {} [get_hw_devices xc7a35t_0]
set_property FULL_PROBES.FILE {} [get_hw_devices xc7a35t_0]
set_property PROGRAM.FILE {C:/Users/jl972/Desktop/HDL/Snake_V3/Snake.runs/impl_1/display_block_wrapper.bit} [get_hw_devices xc7a35t_0]
program_hw_devices [get_hw_devices xc7a35t_0]
refresh_hw_device [lindex [get_hw_devices xc7a35t_0] 0]
close_hw_manager
open_run impl_1
report_ip_status -name ip_status 
close_design
set_property SOURCE_SET sources_1 [get_filesets sim_1]
close [ open C:/Users/jl972/Desktop/HDL/Snake_V3/Snake.srcs/sim_1/new/memory_mapper_TB.v w ]
add_files -fileset sim_1 C:/Users/jl972/Desktop/HDL/Snake_V3/Snake.srcs/sim_1/new/memory_mapper_TB.v
update_compile_order -fileset sim_1
report_ip_status -name ip_status 
update_module_reference [get_ips  {display_block_apple_setter_0_0 display_block_memory_mapper_0_0 display_block_VGA_output_0_1}]
report_ip_status -name ip_status 
connect_bd_net [get_bd_pins memory_mapper_0/memory_address] [get_bd_pins blk_mem_gen_0/addra]
save_bd_design
reset_run synth_1
launch_runs impl_1 -to_step write_bitstream -jobs 22
wait_on_run impl_1
open_hw_manager
connect_hw_server -allow_non_jtag
open_hw_target
set_property PROGRAM.FILE {C:/Users/jl972/Desktop/HDL/Snake_V3/Snake.runs/impl_1/display_block_wrapper.bit} [get_hw_devices xc7a35t_0]
current_hw_device [get_hw_devices xc7a35t_0]
refresh_hw_device -update_hw_probes false [lindex [get_hw_devices xc7a35t_0] 0]
set_property PROBES.FILE {} [get_hw_devices xc7a35t_0]
set_property FULL_PROBES.FILE {} [get_hw_devices xc7a35t_0]
set_property PROGRAM.FILE {C:/Users/jl972/Desktop/HDL/Snake_V3/Snake.runs/impl_1/display_block_wrapper.bit} [get_hw_devices xc7a35t_0]
program_hw_devices [get_hw_devices xc7a35t_0]
refresh_hw_device [lindex [get_hw_devices xc7a35t_0] 0]
close_hw_manager
startgroup
set_property CONFIG.Algorithm {Low_Power} [get_bd_cells blk_mem_gen_0]
endgroup
save_bd_design
reset_run synth_1
reset_run display_block_blk_mem_gen_0_0_synth_1
launch_runs impl_1 -to_step write_bitstream -jobs 22
wait_on_run impl_1
open_hw_manager
connect_hw_server -allow_non_jtag
open_hw_target
set_property PROGRAM.FILE {C:/Users/jl972/Desktop/HDL/Snake_V3/Snake.runs/impl_1/display_block_wrapper.bit} [get_hw_devices xc7a35t_0]
current_hw_device [get_hw_devices xc7a35t_0]
refresh_hw_device -update_hw_probes false [lindex [get_hw_devices xc7a35t_0] 0]
set_property PROBES.FILE {} [get_hw_devices xc7a35t_0]
set_property FULL_PROBES.FILE {} [get_hw_devices xc7a35t_0]
set_property PROGRAM.FILE {C:/Users/jl972/Desktop/HDL/Snake_V3/Snake.runs/impl_1/display_block_wrapper.bit} [get_hw_devices xc7a35t_0]
program_hw_devices [get_hw_devices xc7a35t_0]
refresh_hw_device [lindex [get_hw_devices xc7a35t_0] 0]
set_property PROBES.FILE {} [get_hw_devices xc7a35t_0]
set_property FULL_PROBES.FILE {} [get_hw_devices xc7a35t_0]
set_property PROGRAM.FILE {C:/Users/jl972/Desktop/HDL/Snake_V3/Snake.runs/impl_1/display_block_wrapper.bit} [get_hw_devices xc7a35t_0]
program_hw_devices [get_hw_devices xc7a35t_0]
refresh_hw_device [lindex [get_hw_devices xc7a35t_0] 0]
close_hw_manager
startgroup
set_property CONFIG.Algorithm {Minimum_Area} [get_bd_cells blk_mem_gen_0]
endgroup
startgroup
set_property CONFIG.Algorithm {Low_Power} [get_bd_cells blk_mem_gen_0]
endgroup
startgroup
create_bd_cell -type ip -vlnv xilinx.com:ip:xlconstant:1.1 xlconstant_0
endgroup
connect_bd_net [get_bd_pins xlconstant_0/dout] [get_bd_pins blk_mem_gen_0/ena]
save_bd_design
report_ip_status -name ip_status 
reset_run synth_1
launch_runs impl_1 -to_step write_bitstream -jobs 22
wait_on_run impl_1
open_hw_manager
connect_hw_server -allow_non_jtag
open_hw_target
set_property PROGRAM.FILE {C:/Users/jl972/Desktop/HDL/Snake_V3/Snake.runs/impl_1/display_block_wrapper.bit} [get_hw_devices xc7a35t_0]
current_hw_device [get_hw_devices xc7a35t_0]
refresh_hw_device -update_hw_probes false [lindex [get_hw_devices xc7a35t_0] 0]
set_property PROBES.FILE {} [get_hw_devices xc7a35t_0]
set_property FULL_PROBES.FILE {} [get_hw_devices xc7a35t_0]
set_property PROGRAM.FILE {C:/Users/jl972/Desktop/HDL/Snake_V3/Snake.runs/impl_1/display_block_wrapper.bit} [get_hw_devices xc7a35t_0]
program_hw_devices [get_hw_devices xc7a35t_0]
refresh_hw_device [lindex [get_hw_devices xc7a35t_0] 0]
close_hw_manager
startgroup
set_property -dict [list \
  CONFIG.Algorithm {Minimum_Area} \
  CONFIG.Register_PortA_Output_of_Memory_Primitives {false} \
  CONFIG.Use_REGCEA_Pin {false} \
] [get_bd_cells blk_mem_gen_0]
endgroup
delete_bd_objs [get_bd_nets xlconstant_0_dout]
startgroup
set_property CONFIG.Enable_A {Always_Enabled} [get_bd_cells blk_mem_gen_0]
endgroup
delete_bd_objs [get_bd_cells xlconstant_0]
save_bd_design
report_ip_status -name ip_status 
reset_run synth_1
reset_run display_block_blk_mem_gen_0_0_synth_1
launch_runs impl_1 -to_step write_bitstream -jobs 22
wait_on_run impl_1
open_hw_manager
connect_hw_server -allow_non_jtag
open_hw_target
set_property PROGRAM.FILE {C:/Users/jl972/Desktop/HDL/Snake_V3/Snake.runs/impl_1/display_block_wrapper.bit} [get_hw_devices xc7a35t_0]
current_hw_device [get_hw_devices xc7a35t_0]
refresh_hw_device -update_hw_probes false [lindex [get_hw_devices xc7a35t_0] 0]
set_property PROBES.FILE {} [get_hw_devices xc7a35t_0]
set_property FULL_PROBES.FILE {} [get_hw_devices xc7a35t_0]
set_property PROGRAM.FILE {C:/Users/jl972/Desktop/HDL/Snake_V3/Snake.runs/impl_1/display_block_wrapper.bit} [get_hw_devices xc7a35t_0]
program_hw_devices [get_hw_devices xc7a35t_0]
refresh_hw_device [lindex [get_hw_devices xc7a35t_0] 0]
close_hw_manager
close [ open C:/Users/jl972/Desktop/HDL/Snake_V3/Snake.srcs/sources_1/new/seven_seg_driver.v w ]
add_files C:/Users/jl972/Desktop/HDL/Snake_V3/Snake.srcs/sources_1/new/seven_seg_driver.v
update_compile_order -fileset sources_1
create_bd_cell -type module -reference seven_seg_driver seven_seg_driver_0
set_property location {4 1501 820} [get_bd_cells seven_seg_driver_0]
connect_bd_net [get_bd_ports reset2] [get_bd_pins seven_seg_driver_0/reset]
connect_bd_net [get_bd_pins seven_seg_driver_0/clk] [get_bd_pins VGA_output_0/VSYNC]
create_bd_port -dir O -from 7 -to 0 seg
connect_bd_net [get_bd_ports seg] [get_bd_pins seven_seg_driver_0/seg]
delete_bd_objs [get_bd_nets seven_seg_driver_0_seg] [get_bd_ports seg]
create_bd_port -dir O -from 6 -to 0 seg
startgroup
connect_bd_net [get_bd_ports seg] [get_bd_pins seven_seg_driver_0/seg]
endgroup
set_property location {1713 844} [get_bd_ports seg]
create_bd_port -dir O -from 3 -to 0 an
startgroup
connect_bd_net [get_bd_ports an] [get_bd_pins seven_seg_driver_0/an]
endgroup
set_property location {1718 800} [get_bd_ports an]
set_property location {1724 826} [get_bd_ports seg]
set_property location {1718 815} [get_bd_ports an]
set_property location {1721 802} [get_bd_ports an]
create_bd_port -dir O dp
startgroup
create_bd_cell -type ip -vlnv xilinx.com:ip:xlconstant:1.1 xlconstant_0
endgroup
set_property CONFIG.CONST_VAL {0} [get_bd_cells xlconstant_0]
connect_bd_net [get_bd_ports dp] [get_bd_pins xlconstant_0/dout]
startgroup
create_bd_cell -type inline_hdl -vlnv xilinx.com:inline_hdl:ilconstant:1.0 ilconstant_0
endgroup
set_property CONFIG.CONST_WIDTH {3} [get_bd_cells ilconstant_0]
delete_bd_objs [get_bd_cells ilconstant_0]
startgroup
create_bd_cell -type ip -vlnv xilinx.com:ip:xlconstant:1.1 xlconstant_1
endgroup
set_property CONFIG.CONST_WIDTH {4} [get_bd_cells xlconstant_1]
connect_bd_net [get_bd_pins xlconstant_1/dout] [get_bd_pins seven_seg_driver_0/A]
copy_bd_objs /  [get_bd_cells {xlconstant_1}]
set_property location {4 1426 882} [get_bd_cells xlconstant_2]
connect_bd_net [get_bd_pins xlconstant_2/dout] [get_bd_pins seven_seg_driver_0/B]
copy_bd_objs /  [get_bd_cells {xlconstant_1}]
set_property location {5 1524 821} [get_bd_cells xlconstant_3]
connect_bd_net [get_bd_pins xlconstant_3/dout] [get_bd_pins seven_seg_driver_0/C]
copy_bd_objs /  [get_bd_cells {xlconstant_1}]
set_property location {5 1594 908} [get_bd_cells xlconstant_4]
connect_bd_net [get_bd_pins xlconstant_4/dout] [get_bd_pins seven_seg_driver_0/D]
startgroup
set_property CONFIG.CONST_VAL {2} [get_bd_cells xlconstant_2]
endgroup
startgroup
set_property CONFIG.CONST_VAL {3} [get_bd_cells xlconstant_3]
endgroup
startgroup
set_property CONFIG.CONST_VAL {4} [get_bd_cells xlconstant_4]
endgroup
save_bd_design
update_compile_order -fileset sources_1
reset_run synth_1
launch_runs impl_1 -to_step write_bitstream -jobs 22
wait_on_run impl_1
open_hw_manager
connect_hw_server -allow_non_jtag
open_hw_target
set_property PROGRAM.FILE {C:/Users/jl972/Desktop/HDL/Snake_V3/Snake.runs/impl_1/display_block_wrapper.bit} [get_hw_devices xc7a35t_0]
current_hw_device [get_hw_devices xc7a35t_0]
refresh_hw_device -update_hw_probes false [lindex [get_hw_devices xc7a35t_0] 0]
set_property PROBES.FILE {} [get_hw_devices xc7a35t_0]
set_property FULL_PROBES.FILE {} [get_hw_devices xc7a35t_0]
set_property PROGRAM.FILE {C:/Users/jl972/Desktop/HDL/Snake_V3/Snake.runs/impl_1/display_block_wrapper.bit} [get_hw_devices xc7a35t_0]
program_hw_devices [get_hw_devices xc7a35t_0]
refresh_hw_device [lindex [get_hw_devices xc7a35t_0] 0]
close_hw_manager
report_ip_status -name ip_status 
delete_bd_objs [get_bd_nets xlconstant_1_dout] [get_bd_cells xlconstant_1]
delete_bd_objs [get_bd_nets xlconstant_3_dout] [get_bd_cells xlconstant_3]
delete_bd_objs [get_bd_nets xlconstant_2_dout] [get_bd_cells xlconstant_2]
delete_bd_objs [get_bd_nets xlconstant_4_dout] [get_bd_cells xlconstant_4]
save_bd_design
